// Jest Snapshot v1, https://jestjs.io/docs/snapshot-testing

exports[`<Input /> should render Primary 1`] = `
.c0 {
  display: flex;
  flex-direction: column;
  gap: var(--space-2);
}

.c1 {
  outline: none;
  font-family: inherit;
  padding: var(--space-3) var(--space-4);
  border-radius: var(--radius-md);
  font-size: var(--text-base);
  color: var(--text-primary);
  transition: all var(--transition-normal);
  background: transparent;
  border: 1px solid var(--border-default);
  touch-action: manipulation;
  -webkit-tap-highlight-color: transparent;
}

.c1:focus {
  border-color: var(--purple-500);
  box-shadow: 0 0 0 1px var(--purple-500);
}

.c1::placeholder {
  color: var(--text-tertiary);
  opacity: 1;
}

.c1:disabled {
  opacity: 0.6;
  cursor: not-allowed;
  background: var(--bg-tertiary);
  color: var(--text-disabled);
}

.c1[type='number'] {
  -moz-appearance: textfield;
}

.c1[type='number']::-webkit-outer-spin-button,
.c1[type='number']::-webkit-inner-spin-button {
  -webkit-appearance: none;
  margin: 0;
}

<div>
  <div
    class="c0"
  >
    <input
      class="c1"
      variant="default"
    />
  </div>
</div>
`;

exports[`<Input /> should render Skeleton 1`] = `
.c0 {
  display: flex;
  flex-direction: column;
  gap: var(--space-2);
  width: 100%;
}

<div>
  <div
    class="c0"
  >
    <h1
      class="skeleton"
    >
      Input
    </h1>
  </div>
</div>
`;
