// Jest Snapshot v1, https://jestjs.io/docs/snapshot-testing

exports[`<CardItemsList /> should render Primary 1`] = `
.c0 {
  display: flex;
  flex-direction: column;
  gap: var(--space-4);
  padding: var(--space-3);
  border-radius: var(--radius-md);
  border-left: var(--space-1) solid var(--purple-500);
  background-color: var(--bg-tertiary);
}

.c0 h2 {
  color: var(--text-primary);
  font-size: var(--font-size-xl);
  font-weight: var(--font-weight-medium);
}

.c1 {
  display: flex;
  justify-content: space-between;
  gap: var(--space-4);
  align-items: center;
}

.c2 {
  display: flex;
  flex-direction: column;
  color: var(--text-tertiary);
  font-size: var(--font-size-xs);
  font-weight: var(--font-weight-extralight);
}

.c2 p.items-count {
  font-size: var(--font-size-sm);
}

.c3 {
  display: flex;
  flex-direction: column;
  gap: var(--space-2);
}

.c4 {
  border: none;
  outline: none;
  cursor: pointer;
  font-family: inherit;
  font-weight: var(--font-medium);
  display: inline-flex;
  align-items: center;
  justify-content: center;
  gap: var(--space-2);
  transition: all var(--transition-normal);
  background: var(--purple-500);
  color: var(--text-primary);
  border: 1px solid var(--purple-500);
  padding: var(--space-1);
  font-size: var(--font-size-xs);
  border-radius: var(--radius-sm);
  user-select: none;
  -webkit-user-select: none;
  -moz-user-select: none;
  touch-action: manipulation;
  -webkit-tap-highlight-color: transparent;
}

.c4:hover:not(:disabled) {
  background: var(--purple-700);
  border-color: var(--purple-700);
}

.c4:active:not(:disabled) {
  background: var(--purple-700);
  transform: translateY(1px);
}

.c4:disabled {
  opacity: 0.6;
  cursor: not-allowed;
  transform: none;
}

.c4:focus-visible {
  outline: 2px solid var(--purple-500);
  outline-offset: 2px;
}

.c5 {
  border: none;
  outline: none;
  cursor: pointer;
  font-family: inherit;
  font-weight: var(--font-medium);
  display: inline-flex;
  align-items: center;
  justify-content: center;
  gap: var(--space-2);
  transition: all var(--transition-normal);
  background: var(--border-default);
  color: var(--text-secondary);
  border: 1px solid var(--border-default);
  padding: var(--space-1);
  font-size: var(--font-size-xs);
  border-radius: var(--radius-sm);
  user-select: none;
  -webkit-user-select: none;
  -moz-user-select: none;
  touch-action: manipulation;
  -webkit-tap-highlight-color: transparent;
}

.c5:hover:not(:disabled) {
  background: var(--border-default);
  border-color: var(--text-tertiary);
}

.c5:active:not(:disabled) {
  background: var(--border-default);
  transform: translateY(1px);
}

.c5:disabled {
  opacity: 0.6;
  cursor: not-allowed;
  transform: none;
}

.c5:focus-visible {
  outline: 2px solid var(--purple-500);
  outline-offset: 2px;
}

<div>
  <div
    class="c0"
  >
    <h2 />
    <div
      class="c1"
    >
      <div
        class="c2"
      >
        <p
          class="items-count"
        >
           itens
        </p>
        <p>
          Ãšltima compra 
        </p>
        <p>
          Criada em 
        </p>
      </div>
      <div
        class="c3"
      >
        <button
          class="c4"
          type="button"
          variant="primary"
        >
          ver/edit
        </button>
        <button
          class="c5"
          type="button"
          variant="secondary"
        >
          comprar
        </button>
      </div>
    </div>
  </div>
</div>
`;

exports[`<CardItemsList /> should render Skeleton 1`] = `
.c0 {
  display: flex;
  flex-direction: column;
  gap: var(--space-4);
  padding: var(--space-3);
  border-radius: var(--radius-md);
  border-left: var(--space-1) solid var(--purple-500);
  background-color: var(--bg-tertiary);
}

.c0 h2 {
  color: var(--text-primary);
  font-size: var(--font-size-xl);
  font-weight: var(--font-weight-medium);
}

<div>
  <div
    class="c0"
  >
    <h1
      class="skeleton"
    >
      CardItemsList
    </h1>
  </div>
</div>
`;
